442672032
119458607
239595779
862486244
736020247
494689395
826454062
221693368
207776757
533063181
427728919
603586321
901313275
33615896
23964148
501076123
491792964
456569212
435256397
639284267
718561822
984027538
784119985
132297079
644275498
851529424
680560959
143711783
201183378
965201990
679199905
720843026
674440735
477158549
408792094
339078655
258909637
516910994
700026185
214128360
799080521
493324280
621850443
445808494
240934830
578041751
37199558
208504658
244965546
922893844
344090266
420420704
132353067
637286310
980212643
541532227
518106589
42098193
131883096
167632065
403861250
298720096
914607660
912216532
101367038
955664501
758349542
719275960
912287251
569717374
782357089
810354532
303545533
948356663
928334393
474650815
729429242
151902691
691964240
828551350
925327491
832151529
364608881
72208760
269108035
764988887
479613786
25257127
425530450
997978666
353143516
871692519
718361115
929715551
841082853
247716235
388255152
493027423
469737650
61866489
789968675
663394220
961944981
237876413
264899349
212876085
482128571
357498060
375297032
525512919
493655735
823876596
918719757
424284993
581763671
402371844
236664582
754766117
599313005
771539657
777308259
88215344
531399551
462534815
3117863
908279874
401017917
385904250
845571757
272339328
607781983
885926036
523167626
866828917
990339045
78084431
215778841
176151974
956525484
612369957
942120638
14461886
292279576
126988086
779270255
112993310
106611018
18365881
525967341
596759047
964584229
947325517
690357710
141988904
748743852
365826966
842583301
864461590
995352114
955719239
73681279
302851420
114760843
605982095
503178706
660882927
973336555
207009186
891815270
421426887
967505048
652721085
342271649
226465927
514678788
745561610
912378823
487642616
647717176
971318899
514233174
187256929
713462971
31088950
494365948
155158282
895805926
266039711
423643852
362548629
932690146
862406489
320061458
139331947
444728303
322265255
814105432
674408912
903537836
699050999
575091402
773431998
25911010
458646910
81030742
207321255
376779061
47373177
444124793
786077374
932569417
434820082
178952662
288661023
177150841
581124160
439227683
186722997
354627308
177363338
325203930
418482902
171347285
833989236
190645081
687401542
130515958
301959697
879165274
350860019
32652577
495027958
454885683
903074473
680650441
219886615
295546421
749450041
226972015
684086601
910115936
917318608
669592239
938852627
866457756
883494296
144228687
545996419
645059269
456462932
962242381
162248355
636354554
936195397
976857891
683326428
31995309
854100757
773509614
990320828
858639134
611302251
147786037
202827203
12393516
410560272
77154406
822117772
377338342
755820420
421074308
8354323
434586301
707137394
272947745
519706633
683855103
570070737
250509939
351162882
968480592
35665471
200259639
948285919
423036458
813925437
623568050
359104872
990439543
265286529
105466193
72040856
777391442
437801823
561164705
390650846
711110187
841997544
75719333
299254303
309802307
406116778
651887476
195295876
508692436
66474538
838726491
108366760
752710837
176545566
619360874
617899257
68467044
689309771
692908102
532259489
812779681
531854135
277431223
336034775
195790297
406898141
419600722
382216352
772311445
358298491
802665432
178620448
799821929
378060069
383374635
697117169
700973169
38001803
336718720
664386890
300579854
588718783
871812978
683101939
330565398
956274216
280177633
848992446
196790872
433762796
305000416
543998535
251235
44303613
210453778
878318736
517963117
971724637
630906304
340606912
270534805
617971503
27568651
315026534
58961720
734135937
218542781
46423219
632302578
530997670
417812189
13868226
471790428
315585959
843732470
63871821
373354430
440828775
695656446
472985210
774360619
28472686
386189714
657076209
671215499
49362914
450887718
434851314
381417977
93619097
450881349
122346599
121187662
802529029
212611480
853616482
709483479
150168357
111199443
19206951
136896697
635815995
965923895
152402379
919433707
914662426
141860284
306706238
748200420
305633188
751761544
228651453
170056717
684449639
438390092
246176908
305470243
265064867
86189984
672678597
847847059
982168896
434284790
758163043
613001589
295578812
878805348
606222779
966770380
434655602
137966529
774138222
268071879
971859124
479613786
136401259
683563051
227045453
974209469
105704965
699376405
550316391
498278657
594605198
961290930
439727191
536905827
458772778
409477412
198615950
300432976
69995929
423457072
554994488
350700987
365237749
208417279
456317011
967522018
613279268
441043500
749845965
987093041
627979807
950738028
330502308
796146820
491339783
658435456
541393987
921960262
689027479
238290457
981665354
258890931
771809407
522177290
757596465
716914751
904512535
50168938
538661232
649017188
634588430
124938003
919176266
685834499
760423541
122054540
690594702
459749340
639071587
357048982
855331414
180519969
738666764
286849812
647540660
259621051
383609948
27502573
327478971
575118301
339865354
232851288
407476047
331629499
643502445
851555655
578140670
6051552
788217984
386188234
489292304
393775546
95181421
306569380
995665319
395002055
689758789
610753678
259094649
117390185
980939477
900473055
830112051
320369027
430163434
798138357
260942721
913499199
273049541
225940760
922990015
312792615
876400799
986800976
490833682
772869357
592504809
472046372
19651803
744198496
232161177
552008348
613025047
880301025
652447537
967319504
37525811
909601551
792006720
108377269
330489544
890776418
500869233
561257551
904954608
230938161
346992355
649410982
96786704
629016555
607390767
941187731
210378030
518507835
462635451
457513646
579713552
736068476
61266605
706611461
479771715
874933614
833510219
25911010
672575082
444616912
7469873
426821361
818730497
655867721
871216262
905210796
371338983
287016428
868360383
782789104
420667680
831405343
715602764
691363677
506850136
631702815
105705216
138696231
734751899
325747416
272772574
705523554
282577345
833102595
288344889
499180039
262804991
122918735
533798589
250835021
126310750
986148975
63387065
531323993
535663313
309568544
851372107
908851976
761225803
896855940
556727304
737725243
157885159
529853239
702845874
695413539
283988193
256814578
636822985
133099724
414612087
915287480
203268096
679670434
437190601
385320061
670902032
274843288
622617714
82642579
773954004
830258511
450495571
796548392
719568105
429137271
530573198
323820907
575231093
639871451
937746948
584037552
434600703
801682523
847030394
971691419
554312505
650562382
311230511
794850203
848989976
533146745
95157592
605747420
865939973
437590907
556048572
526123484
798898547
612999570
429729096
559709596
271996409
97962761
666497941
665233498
147632639
113319131
2414581
320685346
331521179
109422858
619849421
329561972
437312528
658556773
323816893
180564731
305616287
580324728
589673221
93841005
29799973
40263185
209169978
615980542
600409908
380779620
191467790
680553550
651761199
631105362
176301824
823600558
590531610
775182071
468398622
516034427
549019089
300436914
86938735
782231015
949825183
721172921
970086425
318737553
711493041
887336869
738329237
371131493
355241833
256039515
466644896
649147032
607390767
651870756
11746034
19513870
848740592
147632639
283151803
641185421
695261890
81296716
787087500
588450312
950552246
465881759
543383451
254086212
652993557
518210740
384183096
227677051
108270439
171036309
350672595
65786885
257444948
844086873
15673074
622316241
756579542
617640560
324239182
465305066
160713281
141036883
25351084
908212858
117303744
90610256
848257873
380403618
242973916
704830726
552322525
260499546
367863719
105014140
475698338
848869637
605282552
383383338
993054720
239368556
782743962
281122546
354938891
830855176
720889133
553234156
625774451
330805503
347628223
796365235
958725721
453842302
732590972
727886615
639098688
670880462
118257295
448380387
755846460
390624581
580681420
113232816
473798414
630723009
415349619
789248979
347076736
612422001
617558159
149602195
856838461
167095057
361163672
974441619
929858312
566979879
356394542
345975765
698022120
739282014
862350524
703076789
439149297
501407536
882970045
113349163
154135827
812227792
160305737
403212229
148571325
154844895
87771883
882579716
888694150
361581680
517311326
62479594
507582842
83125939
468734331
657006371
825999389
873600179
750947149
653257054
276916565
253381210
148118478
175369728
256337509
427295605
710140528
529906529
575775925
970699431
161023318
764731796
100604907
196140739
286764228
846422931
72245185
581593262
424099337
700233747
437645875
691463445
465823669
789190738
74163708
862364021
657481989
200256795
326850946
305111736
231441303
344837552
319122538
810180992
78360748
764250658
317857305
683021396
836443608
92183022
760712877
525886067
296191126
602914042
782975058
293741765
162761127
422277250
602625377
907310393
134526839
381147901
940078977
481400276
192120561
482644808
767604715
187505542
930006540
201811563
339774734
592504809
5584924
27544353
783043181
215987014
790695499
128363712
751733039
891118801
411327140
555880750
783159496
349518085
558376556
553427453
498884416
233244722
520918017
832036138
600301584
584782822
802703142
857994854
122621449
312968699
975953816
395667446
456835262
843614361
421593183
184790893
525704097
905281163
275602002
546760534
461677008
966909342
498598925
275228515
853684660
27994575
494475938
890380959
67701679
107787415
492083485
986495418
257922476
208328108
132225605
518524050
250067126
258013422
427916839
245904662
856203663
554892008
874801900
381469808
588438845
516656773
477520601
806394233
758687812
961943522
368842859
838365980
742613698
303366615
435921326
320704666
823206365
906628953
446642457
319788567
737299944
925008534
989928066
350101355
941081627
388480475
950585499
103470504
44875608
668488861
64429975
397068759
183826713
293669503
996497929
905475036
71672709
303415762
603486022
712867153
237657944
790695499
356235531
82086065
593998653
127329293
915958079
800311295
40979047
598284495
344632513
610808678
704364327
722057455
239236141
578097776
257498928
711639026
825599196
661352846
763789364
162832304
678405509
154550736
642303550
588397951
958846925
240455737
367870585
922563215
365132824
586802145
411069303
982018119
340532585
249802392
697144919
992896491
149858186
252515293
628179126
497144083
332595810
238766023
373354430
492469974
499927385
260545893
857906133
656023063
365078227
560841440
468398622
716079369
403625184
665006697
501044237
360684511
605944284
664483710
774729062
468003100
764780734
918226292
312968699
516126966
771882091
299291164
426435366
114857231
878106276
958186791
95026935
895577703
10302033
399237525
822576113
491810389
715755515
70616175
421524729
148741089
579397529
358028057
576129388
260213361
258120589
550549728
613297430
214040571
866298342
338695576
271658994
968388760
917882376
218026951
476374141
762233259
93971149
325897518
16271220
561477535
74307687
641175334
198718349
999704945
244503029
39178315
593967660
289312694
496680685
222000262
79025256
271599858
404810626
922820507
438194456
960820051
755480728
236502303
570545676
827327324
674460312
718580941
985380379
620823907
459257903
602232334
216992178
825003068
180361244
97146780
512596259
695199339
662731069
806462913
634728826
130015144
300868477
648524881
47941058
279834207
113368423
992909497
364014515
103994290
774571239
281721868
854325108
957261555
833938768
798876561
947046678
607802949
4045719
227404697
692764880
837852906
264055196
403546864
331882084
591535233
706003863
912045398
290250124
115963042
65481854
891830670
751981724
597302229
242760777
697479862
836416521
621237513
179455791
69245801
834863553
715371034
816004673
610104095
645064264
748599559
953009601
629783412
420309112
504757051
796892916
227055512
630621559
688956883
392965481
662172295
281350385
440054681
108768152
819264250
743947254
491207187
217911716
487621224
374693114
178547428
207172547
751143388
820373846
537888497
509402232
174752653
394166906
927920577
132285450
671399413
530176581
129426742
883628380
541772400
49362914
351026764
868360383
79371430
16263904
747679488
967273025
945647652
933071038
577525641
285987412
484471434
779512993
918139584
318247690
546052255
483536944
312253930
274419211
343829941
342569720
277692496
838431539
488148927
835232083
681291692
948428579
313754190
354133147
455772581
48125257
845770425
937714312
958048818
120516800
323969541
200416838
912982992
518377694
176196426
962898550
750227537
34273614
665931688
671155269
204319756
457423072
209410515
814561133
793293794
417473753
232892034
595105579
598777509
675367283
617558159
35137080
943144434
213290448
929127879
651887476
228062837
586844664
290290835
977057184
621654267
999446493
213701144
203993425
102766851
892499068
739368630
683812025
322265255
668202071
959122146
55135882
529094261
897669698
187880033
976553061
130696273
474206865
179345708
534939355
818730497
682674613
269350247
739928568
376606581
330513973
641849226
216235741
382216352
134936761
822442378
147805333
36412680
157771997
244480898
483296186
543274300
533822472
709114156
351488165
511362339
998354540
392062549
923431711
956426789
947161432
870029035
100366110
606854982
216355859
919221167
909648400
326403319
975464700
896305045
866049995
327518073
327259282
755648710
832092652
752303077
733747436
31967347
102204375
487954830
59700314
281115319
91810237
849524880
801651000
642604102
765212511
154267809
412541447
139731715
295578812
425920111
724418635
756502144
34590496
418994653
53950766
890654986
669960950
693462391
469784133
524748685
857178045
227466914
883611688
460675621
387555038
463024179
259308229
201580490
984905806
31941086
389404974
677989438
20371175
652471248
484267689
430113260
245384566
300923532
982435003
604638907
905177185
307904003
370159149
204706685
276474286
809329365
441327925
30225587
675768718
757756966
527324040
524284197
412714142
775366815
423876411
847943330
841018688
60270639
281786485
162342982
341510900
701678911
886643040
422630926
715596767
456438802
968849297
933166211
10277641
438864785
337912614
243338789
898364039
868316929
905415845
108366760
522426516
857912112
199941910
337182769
385371243
375693048
721095294
250379810
500319762
637221631
486167704
699809581
243398645
602863780
413045060
955814328
709679092
8111532
195336361
782683899
661056734
740006038
996268034
805301341
412042719
68448701
645854724
827654916
176808621
417031495
732508645
393315431
248200215
241984155
79761458
127236145
526886651
594755002
754766117
152507491
364969464
424628954
231229248
156445639
603955030
53737858
114397420
583720821
908450401
602469065
147176740
831292926
529321755
784510036
271181246
861315874
108970727
326093064
890897145
704016726
892857615
118306989
551888119
46005785
96539052
882805345
694054490
564957541
200874244
678843808
705321017
755489492
224651835
542468595
468810314
745822994
537859260
866045976
782678795
665969271
255425587
388135582
828813947
285680273
194568795
882678966
846838917
120530962
134572707
565836049
978148468
648361643
626132300
656972446
683101939
323385858
255703380
214972607
172293330
848536688
559558297
360372056
52081190
867039448
660751931
180251229
230531901
742679694
837998307
368554594
861485771
671178201
543024979
462734585
649545598
936785023
543006172
212939276
868551088
960217044
339730729
715731763
848175416
971890119
311659059
110605200
672882871
706204575
543274300
57205456
974592633
543429029
567424189
327650300
977318245
145167
259751220
415678353
923601020
579087104
205776349
76686516
236520798
491104562
117438857
457596624
364019750
199452056
273263436
71425169
67423184
444503668
158510414
108458409
674508852
50644214
280745049
397254209
923598697
674086734
511029729
92162476
1482262
744186411
103440742
885181051
117877517
65829768
857614481
146899044
491467174
1293497
574342847
290250124
488017348
242240124
895319215
454628498
214766529
774518776
953626398
66114628
684118237
266122498
248200215
832878353
351097848
685615371
385880042
805241927
422452047
433467514
620105888
71227188
648365272
573667571
269320669
975548837
74035808
283690524
77605655
180325035
958857960
147379515
783088541
302640026
33634212
506625742
153016001
450601686
467593415
931383866
842092618
755541947
755666953
726657518
134583404
196326272
48535037
266049891
373321579
937477372
283344320
626719828
46474297
522819633
487087582
153066341
33745709
587737666
948791208
547516797
40414635
697309476
13143264
446378286
513980197
777068966
293999059
135434783
36703061
213398769
52064527
922467097
870671182
314572745
478836517
459734419
885329539
823592917
237766219
159032816
141900882
251883476
423096898
94252520
934787514
431477108
996203313
7724591
102006109
246485806
345544639
543727718
908255494
691329337
73945266
527201640
253165411
596253495
665541454
563030391
413747897
926255500
892330861
471361955
654323136
558211905
658634312
778294893
382040785
739498326
688254487
317329027
204625029
605502150
774415588
91626359
879497884
9634486
201368738
648979149
450418964
393092872
857384645
457762456
59062235
627588160
111776588
10044482
285514355
364039258
600782021
233310634
812135239
721275644
28236331
64292324
774905693
631445214
97682435
339301533
270501217
712064089
192090711
854467061
72474706
245522562
322841369
842429122
203040479
494254215
288998457
255546982
801591347
628885337
31747143
216814831
217896545
803067201
325075978
510654107
287952563
305616287
291727276
817407072
171193856
847780622
513381762
163643669
317104780
69634788
703002023
640666262
800639058
523158721
449611889
765163341
380933667
993806471
465568427
638775051
790851863
330523839
331314659
808997134
767694799
286304401
131134641
269981853
667962358
209503416
518530266
712496188
191617593
843407911
350887308
444366784
629326708
157901044
853573384
683113695
410077198
236816992
760621682
480994940
640145633
195650916
241861960
172164468
225786507
644029635
723818599
421144361
612483930
953391202
634766473
326339221
687593329
26780911
336406895
615889029
998972217
528199584
763572460
8147429
699063700
790704851
540900954
944137177
504840277
518039227
526430128
654344866
497306733
928039048
836598593
272026109
702570994
844776463
318484427
860635686
19107181
400839251
620336032
744771732
115288737
803679625
107331680
183157138
150253574
710050305
796696289
455379832
843045915
729763257
529479493
786404688
924518615
405969948
622927809
787772809
948370809
532776720
867874994
816892773
223867708
58594244
564493696
393942260
974009319
83524511
814262680
976501114
545062665
478554683
498223856
660852975
109042149
556561207
570080164
679124412
896926555
1456532
278336845
756502144
496403671
163304961
948343889
684840842
596680455
381147901
653447932
279407903
308657365
474533463
789092707
705647081
311419151
829262204
208730643
228594544
167886753
696600853
212357949
382674603
781998298
482817388
711035321
832678700
609063698
348798331
199176647
893399522
114245770
165027676
679240827
441405391
616037828
533538707
222442575
202430793
929107445
887600410
751645558
487565124
636801170
785966708
582359227
237936304
451242034
271542709
210464714
811577823
1644000
877402059
343564575
844750123
893583584
186357073
978217938
789361119
763768153
951137631
363151734
360928471
856539194
149319971
259830444
425881657
780269099
67932931
788515347
971351614
76132267
866651573
946388087
72758355
715274421
89992825
253121121
670773439
169117895
199596234
41703927
322886350
660999524
605834598
794979417
836531795
518289331
126922589
878412607
825447826
667738868
733341003
947293233
65193059
213620886
861244632
509943638
419076510
8144221
36699866
716493117
272367990
264953494
303023101
582332606
228220289
961134279
568727251
167795330
105246731
862381586
715341549
379005523
394281963
940869751
825940975
576014609
812147120
569803925
942311626
519645166
761359038
812077786
405171327
741421064
376408208
416171517
621275436
821500977
