137076449
978113306
721595145
214722019
113595642
642102076
66261683
927606334
228597103
253914248
710928332
240157659
86158081
272418677
917200368
620082274
465742507
973550859
662751003
17014542
237704654
50543069
541405962
670708357
390113132
723276666
38079621
929598514
163949645
464787156
470975395
989057078
742951723
835372090
289270403
255863710
722865991
506793734
395805659
551854982
560133161
477545047
95756195
577559364
929734343
503009132
5078976
505418096
267714865
229567838
140187554
553424151
518052787
539821608
464369626
52251406
346723655
767395439
10901153
29547720
305600218
352429220
679624810
377448529
247901739
406457084
105454404
889562357
913359095
565221846
633901278
681975050
319674777
215299244
599472476
763465000
311939496
365129967
780817689
834473043
464632110
664348574
750739254
517929154
539457822
950115086
947695386
364166443
843570862
297231573
755874236
416396628
116331155
814678538
62973013
867780146
748481721
740753490
250176392
465195995
263078728
808576803
167634684
740893512
869170162
133813232
950481391
334956970
535954681
674562087
289755861
301044634
259374682
95151815
967239098
757755207
969061718
247899852
286063916
593833893
861367310
11303809
656885110
629650026
728928439
274548705
637357494
75938075
464441638
346448182
703533650
502298855
421841943
306652857
130669997
840918231
49643621
249867525
803880300
512468815
859227581
313909537
133139899
803022266
412320889
397963756
553912444
116119477
567727935
356848879
890120442
331987316
112374735
961402308
59088180
932522864
771527031
698623009
354015285
324603136
880829955
92906878
600816292
938616043
123334735
514653461
627829735
173501221
820713711
181658216
751237593
643717138
994076804
592720156
463416737
765859121
798671528
689399157
405812627
118835934
580199853
794748770
475894427
637615020
140444218
765600997
427499537
803182327
334679224
796336535
835801932
733607119
916840262
336853518
585993839
370636156
753103426
155205396
684987431
141157660
453550860
213498641
811066472
446603484
310077372
527275308
715554820
566104920
719522747
476109120
528041049
247913008
296024540
131529576
629942896
618671389
492337742
825302875
750220782
834482092
920755858
30055076
179519297
706839780
935448853
383495871
414776142
915968797
951032601
720190803
913196217
892581287
746472862
955564866
117345513
344329263
632911420
959332320
607056404
319798407
327490321
739807929
664596413
6536796
165547179
885482008
5578847
314457627
3456082
641707964
551399228
583029122
497506352
624901615
19951749
827733839
171315035
927473746
287434048
75085349
845231985
331450400
97774356
693066258
681104181
101398124
563029654
874042047
129944946
109893634
18684605
55321573
516338277
524282234
895045410
9764085
24944905
723812528
763099590
266345689
779882766
978782862
984757208
914902799
903291927
560250713
15817173
258991066
604425162
289950739
70213358
349701079
374268583
619212512
133651745
386586729
380212088
254221547
231604993
877648126
352737620
501687903
969041976
914819506
474833750
389250314
483945380
328928087
320976282
287735287
481688274
236166569
117128136
809656181
991843194
856773682
274404887
316186029
412998091
515748906
689721532
468916135
398957470
152653155
193803207
458574391
993948798
516657187
724916966
627271955
839933911
215851317
135748303
152800842
140836183
420959170
187860332
764842649
152603742
582796211
282266911
826128462
311326179
43344775
830342105
723515700
305023435
129120153
825591494
105425233
201546253
103057429
868737738
19260350
50974731
992709206
966427738
141852398
788317090
905282262
990744331
965547761
843107839
289918360
934449797
64086641
502155262
570564521
626710297
599628949
120801232
771079988
610441000
550777878
399781957
984868150
961413837
766198331
119978213
151682307
420714335
996698697
216671417
701835144
802062635
247732402
894228863
829233403
224022440
523476461
950169396
278003927
233621291
801072033
202346833
111358517
492109839
267742795
36862777
761698036
711864242
264951957
676404237
725372620
275532657
554807400
610207935
574362779
890120442
87768118
524858537
250590983
19381388
284139562
425013706
196026111
619710620
957385426
889004511
42416700
634338805
285746574
38125452
638059950
356378212
846524553
181661270
705541420
505615725
206557985
685101886
435710110
134631837
778481972
897913258
120489491
279617673
759127645
194419314
32567873
62895858
215310484
876273751
942051459
337386210
82537630
657348441
426068179
431330868
193530370
133220077
636775609
496321477
415439862
354885798
126528316
155470226
941333150
584548179
722339214
940202676
348581669
114811435
967730942
997769792
222460769
223013443
698596775
336323786
518541891
26664730
434550668
685595777
617741820
738304621
750443653
957251422
246078272
144338969
392742506
140636208
135528204
162022533
783842863
601599779
893678647
432749599
157510920
318583474
997995603
508266550
974220839
930497275
148490946
54150961
245451310
702363020
567457276
336995628
423823306
22510176
73585985
164459607
242043200
748521117
709312271
996868966
289413209
925184034
552122204
634919068
521961101
754905307
679957266
782263278
452552907
264158482
690612486
383993832
357847837
678141861
932829849
774851474
492208080
868612581
350149966
780959105
306877037
704522036
457697462
632318607
952235532
77120215
425664320
515717985
333670518
667656642
748841940
431761240
167921000
24804833
596857761
214523022
259623377
676404237
574993263
720962336
330757592
854545551
27186496
815623656
8749634
18103913
332234507
965116116
687339634
374537568
731962975
158921848
155401281
846494470
387536450
110588462
208481788
525065987
504792786
107243524
371007512
622933029
518523224
322449423
438783389
852340848
430859516
466474190
601255346
748622397
788011653
835534857
977590302
964075833
388110218
82671831
830499091
969902827
861762514
307975957
409916833
444023360
899051941
736278232
64910281
801829302
17026333
574025978
697051102
28938223
837992786
108333883
844447095
858227672
697000010
762761715
739723773
803566130
193573340
149196844
69800982
254236914
737911316
783881514
547534951
66346013
613713586
138020982
991842049
858102620
823253021
606696069
816564401
621481334
854825254
580419925
784487647
688596095
788786272
700289537
727627485
478769330
918016350
112426831
870224026
202190139
985658390
502097345
636457109
933316925
808882464
636554732
583123942
465779574
477775851
663063658
296075835
840953962
285729584
392973767
278546500
611464233
31540125
20707603
486394211
409404508
173335215
848826421
71469236
988939004
577284863
660516521
37475812
841596186
381293917
634951274
713872438
97659151
26999001
292973019
180549987
746933552
568198407
803998791
864354377
756125031
900102723
790222463
959519473
283208897
132962094
641725755
232838757
510233864
81002881
558747198
524833517
996210454
185436312
883288739
158073588
660464434
673823166
841201743
159223337
373348721
692687530
629061945
300171810
552520475
91399418
764307350
751633621
815107650
923187487
554766331
930917616
890182514
782678842
977271045
783359393
691832091
665433403
610384841
248269901
54722667
852769179
226071817
65289055
799158593
763872411
127630055
182478436
946704774
765104777
380876559
25659681
325711860
819914162
421369170
87141500
72992784
242223598
410366500
956120542
91883937
861652299
432225602
394433333
798992677
742450059
685873868
572052613
856877500
382836612
843363270
231314822
307379668
197232076
300851551
968032444
727795758
903672715
425936566
679733361
716434356
942209158
41580149
521340835
63494757
482362549
661797341
925289343
562449874
931592938
71827637
168772139
238759241
898025380
877308892
203856767
8429623
527955065
178068570
498436048
286439793
339190733
696827682
486504112
53874115
705460936
637860396
293822671
626074741
830242661
329611007
138735638
369051089
941121945
850306691
316215143
38477484
767498478
225901001
711128291
623374236
763388949
572631064
687949007
693899991
177534391
408155532
407396111
713071790
905411600
516894424
282279112
22187977
880955271
694566007
138076732
831418771
685858848
190619131
32357668
879028333
516352506
479385681
840936532
265486930
995537173
924279713
856262042
40924909
619276160
39793077
313318643
312163105
976582650
770314650
726385811
988583506
834433367
247919765
985280444
590133971
112802891
618685842
334378008
294408905
177114022
206004858
155357727
583001576
593740162
605153541
783239209
636072665
774137525
288756653
907852194
692134863
817530001
790430260
374293600
467969547
390226953
526452255
988874175
220531288
385667133
925495695
930517881
805233940
398239486
8099732
492721656
680625752
723528491
13508061
21531254
118002971
992160072
721751837
280469110
807966235
626901851
911114105
319096659
377235408
980180456
436159570
136785223
3599059
670458419
923298043
44900320
346734381
310533425
861817339
340523950
557405279
964068409
299274231
400240616
433363595
888411492
505907012
726336624
202866774
758899917
979333841
495148834
43245800
132427489
68414093
625892112
134806829
539419548
557058178
601424653
296806317
787837708
702224514
724266377
274020923
439742147
932721452
75068366
780667258
435528683
160966305
712829875
106812327
919228875
481707505
137035010
994080154
76384169
49077636
882586131
486966185
510751050
597342636
422161197
993510156
223692387
422218789
945268575
925015552
317793456
136091976
818947865
580259808
456320324
439708958
852750932
43249558
966134113
823473075
242779977
428493757
889370685
817202364
591762621
404134194
86131459
683155087
646642266
375931993
971276386
717023359
113450436
420714993
433335759
584249337
346858449
497843168
44213407
319474288
997282179
206490019
190564234
91192916
254737845
440859718
368503132
470998078
660664663
758001559
91248350
873470436
331241225
49372142
972630871
940795187
551613542
32017782
457502191
626019557
685164392
492423086
1004873
360065305
292369553
247558498
606735327
901388628
849759452
121967953
107145459
418535026
633726661
897462471
32332793
332782331
57235366
857637938
420945830
681814616
543921954
475960378
304309278
359057230
272620549
18473922
896705268
493478468
351675110
956038536
203549245
782520025
865230333
821895640
899903273
189551290
177382231
99053043
786964706
793076489
58424552
459276534
251280274
599534857
408420009
844399192
592667822
785902368
205449250
334798748
428706900
676647725
145450606
622344706
335397680
886670406
392785738
726184657
841790241
118217999
271075924
648057458
861705141
223097579
3629695
387261016
747060145
185268528
549218268
614897657
287653822
249249592
919123315
402738279
804524969
622181500
438916314
404024283
792718702
590258873
775553452
949126215
306242533
620750383
797077794
604174688
63652791
257411691
101396607
294021177
57530632
340401490
926347571
538424429
527585602
88227686
464485057
485208633
71660829
828212309
179573282
253641958
60948846
178711373
292743686
220954372
461982212
529809341
688102406
201024617
597881027
289448651
69358766
466566536
196773350
644091797
969060120
137876481
106147980
299481705
455008402
619814367
798435648
163105459
514277552
51734400
224885712
22238883
617777049
442119347
761879162
705780920
210798161
544491920
603830686
210760465
674026892
323653990
63198694
463099812
194691812
307638576
274174564
989431285
907569376
910850259
191670088
812894110
585848513
414776142
497596584
724574337
557965718
654750977
167215407
426077255
531334847
254767272
964517400
299833981
890543643
59498231
586297088
756571691
158748428
840966028
810519687
664957041
405491759
83999688
735825364
163397428
530652729
560907517
804432076
369657820
594745806
387207354
266146716
750235273
346759715
487134495
230215593
824136248
634327065
398490864
668704501
233463009
789779629
353639474
706302088
370774225
386372109
660205505
886664024
469414504
79104759
552172405
343426201
714714720
462276853
474900142
142993501
822420675
432138327
569320121
287434048
897496358
468502241
846081311
773774389
907036431
164247281
662317223
968586346
221803938
42178500
383845104
258034302
967880676
12565120
455783116
389924687
753890648
525250224
6791452
478953310
266372846
47908243
940589661
473840785
550903526
126787417
890295051
50780582
448917344
889558530
285742432
578016596
585616150
479397951
685179894
619742066
303793941
350146591
873468321
512049657
965951005
266011934
963924079
23595124
495668906
271448044
396354928
605522119
420239745
329557557
375632465
405216316
945261084
259157970
311666862
470451708
165888623
925767437
575264287
413798360
535603567
299957595
963636105
265616341
115457152
521996789
19918067
816694651
811958761
795310206
412999134
144440765
75394143
464779969
904100423
216531361
686512685
754928848
162022533
174846229
239884347
330730316
137154299
597605760
771381980
507333286
484846067
328463522
642560636
129435385
489643170
824518114
525443229
842695046
995415480
182060698
448498706
946389796
274973295
667593545
401610813
840520634
374765674
98320549
661252122
751883205
349520145
113831509
731149806
885977932
5796530
997490384
942791366
113110643
863524634
858466933
348864115
660395856
264163423
881518457
636895940
196604247
256179529
344726719
64805521
32158285
144440765
827033202
241561275
597791327
689343997
607314884
861465623
764382674
619514149
371520945
673166173
624809153
854512009
991965153
454967408
165768640
770127107
877663172
741066436
306617666
486296628
64273134
118684870
696924925
704985938
904970299
675559984
215556996
899029240
595949748
56508707
856386776
907708367
90169212
25843242
146869952
873528769
36353929
5181541
123207877
456787870
670591102
491511472
875306505
8878448
257992907
956871633
854544157
320975999
602733239
955318253
578358125
875634269
479538659
369200481
895142646
990891232
37136445
872112845
50376661
168341741
213069458
998269727
648773262
775896950
689076716
905755741
370909893
553232757
484462764
731875161
164361969
136084351
20775069
917775714
385370557
917933532
772034944
31643532
264207599
416193567
834631346
800759754
86484937
446275416
175493450
736123746
953303365
272510974
635806427
419359514
943513888
284551278
8019016
357426292
139224478
788110293
416025807
182997229
886323324
951055320
391775515
168803080
177235377
724195056
251421651
584110992
389619204
226534454
334138111
69503748
770423496
62763369
867065059
668170036
660038116
354253642
621291427
449965786
113048145
766910382
78319975
987610589
406299681
664820469
794338828
601018325
833957583
818627786
311894188
626099522
356054914
383921755
5991398
968423838
159821854
701981009
705851330
600954622
255090282
371922712
898791116
459994286
674698044
69839902
463190134
206873102
774283137
311126676
618870462
825005542
957218332
396858420
922475094
840249518
27608313
890870155
346244994
176372119
118963662
110119290
677754689
853350134
825953006
788734082
478440220
154456159
158093950
73104768
709190442
204069058
741083575
450869368
667773765
266189719
504038084
853002084
491055193
87676854
6338147
535121809
555960069
645563973
423370200
46499313
935289581
228407519
258141113
538159857
298637477
119021936
279020661
713393694
753656336
936343271
865904846
986491247
537397144
64436018
26905591
12343918
112545210
218718553
264418436
59243379
360815615
80021830
942038571
747110198
343526155
110432630
788865698
931730398
75601915
16664050
765883945
620822387
496151665
195083207
774015713
857112150
444073520
894533052
746364372
293057376
962350682
383450981
551975478
944050220
923395337
495690109
243492385
163221009
408262191
282937752
551970665
835828245
355044350
349285767
534231656
762641266
122042576
218269183
426462223
795533091
280689067
438362306
412609964
121937659
107435916
59104257
304002626
421717835
89006483
901007359
529260140
323470331
935962327
909419676
919155772
68786767
232327748
621624032
431929868
733972899
964590780
443567861
959280480
288600011
155730214
864753277
667935292
355385417
883230803
847712472
843448280
812574805
30531732
41677057
912207282
527707716
995415480
289156399
969061256
174393082
118802422
551626655
66672386
20137140
713143942
33999779
983337461
319210130
651840158
534438540
351455486
711423075
453001403
636686532
563813981
600424612
988133742
336976947
786406922
419343113
585292172
619225187
265909870
999201981
211108273
411644322
892289840
732422865
168747156
553126109
640224929
270559764
685092144
921536021
633958416
979281370
272845055
442921969
443016323
170198785
328869299
528236687
320295872
687026609
609022709
537482307
934482803
440753704
710022602
52206450
72458069
80695002
551387972
677678922
683485294
912310819
778350254
786172470
136749508
404072028
497999360
772786248
594594807
152654627
677039949
398738428
261389796
805671853
352786692
576409559
129926319
43096187
705952960
408143589
384073844
613873900
476359093
400136766
892338211
928870488
743862357
680914044
539417105
224291894
861385936
811477896
650770659
672345739
189732217
424504305
565703411
753461883
372581707
720846506
388059356
217189743
760225422
493163949
862893550
463860364
384312112
123754459
931029597
311866114
598303073
384704215
839836371
422074632
96456051
353020920
95215504
349651552
114992761
648897641
917521217
167444112
139817841
922348626
727996885
326390198
745297295
50402181
9655402
901501171
200529952
120808161
550947094
359116529
674666142
268182478
954403823
894509023
1425663
663315124
549526622
654473772
982874382
856130575
776189242
482996657
592520719
886273349
312435736
190727490
86278198
728010851
395008254
884496176
37577577
473813873
743133704
253976949
461851350
260755527
231295341
491858225
16207645
43662058
26614968
590684730
323157440
521593140
510595279
73708986
348825972
222676661
299689883
944100529
464374653
121894542
554214351
950369072
758146791
956689844
304263692
792085125
362989942
15186541
844868704
524658587
999041186
843425751
984436239
257035832
14822680
439099930
61953742
80431809
429011611
725553378
646047863
891438242
705188559
501937422
906726124
231497016
920778957
69011621
285118604
675486470
790676649
822598872
649007595
739258281
206001272
533559735
487167185
291050029
304851540
773346753
283812144
925821828
250579906
533951652
635709738
81546332
663809333
653080647
409680119
880852769
733775165
590308682
165955091
926503953
937038326
584284007
316893566
988283142
157780055
356805156
805408357
42289373
962153129
821467792
994358522
16053987
631594757
736685241
919716605
321012961
497837735
848057457
756640909
563245343
563465329
841790241
23246944
955271238
741711988
21400174
360699170
946487232
956207097
471368042
146443836
274449553
437591655
91842047
873408271
851667224
972111420
465316285
144919618
106252709
645556555
939775852
222136512
243824070
141160997
52440881
310515141
193875538
840455196
918834933
331875425
557884027
131112222
337473632
398741268
734532051
569144150
268704123
417351667
151731573
658222514
909350724
97096955
345343460
307205799
951853567
685777143
636554732
86374657
448694611
811609433
128654298
456136801
257277269
906625726
829683998
999163562
685282725
447437682
256879266
473409517
431024687
863408130
929135364
51419164
162783425
817547635
152204427
463894887
924851966
745862855
728355378
691936834
904017626
68774152
225795944
633398856
956663704
475439938
593986131
668367272
685443324
807612312
72470926
117643742
724292464
388754190
304949318
470284446
788785217
247439352
212569457
417159466
67131871
280961935
674599959
612181302
6138308
58560582
809905721
836758454
452492827
643204387
715598923
193553814
918140715
538367190
764068013
825744554
686378942
432397787
215343654
795353195
951213144
871741362
14039393
459238718
319833993
195715829
457855572
878412518
189025034
477910150
540030863
113748472
123747287
57522670
276405574
226480158
131426257
417429541
305738690
332454094
690922727
101583667
593083266
763810989
468420359
600257036
781729589
600678868
972039115
964505171
236671835
86100686
637271401
419408885
183275957
100467447
297962380
949224571
897554149
917728635
38708680
765824004
281433737
737222902
416694953
774349267
489385969
397874319
22319624
470119403
324207018
249187654
651306849
537309095
998176564
158676223
17291730
499748617
651932855
27440668
385126894
157226972
791162129
547111605
323050338
695830993
407642190
884997249
158397077
21606414
914700585
826483965
681814616
159733067
798508542
892593441
161504041
775939943
848479514
197948949
993604429
136567215
171305301
283051673
195459165
157623219
238061444
340216685
618898320
148235220
713445297
820123098
259085558
785778122
474956653
241022962
968537209
619199380
727124738
735808173
254809329
624513022
503010073
311754935
811847349
877028259
6021397
80940001
504426825
981749978
261598995
723245376
357037268
985840932
424051319
889364005
107642528
737212313
839086560
58960804
471707005
618219904
37697628
302706823
36739551
832979307
994152398
224406009
1171790
251869427
770004416
947772712
132467215
397039899
493139930
667101143
854810249
648465385
72156597
404264112
860753437
221976621
476069781
628414265
436298251
664804115
904900636
538595491
333009221
20648244
138793867
849387954
14724490
793573123
239794381
685915940
858074069
516768497
526786205
930468787
858922361
152673345
275750545
255518230
953213912
662105739
946829135
883077569
79631987
122903346
824174684
643997951
153949783
854199202
447503401
89545125
17162929
837381398
417435413
125332276
850058898
527219705
422859082
491471466
691877765
435868689
181637061
883345392
982133741
423634068
855570893
330684491
687441196
310610620
970951058
511807052
611100540
248280753
360529342
69439822
47721990
635076347
956853454
928693538
222265523
800432478
596987595
894566614
287289652
618732356
124601374
742309321
509861546
818011333
796956580
779667476
998242641
137902630
448252628
476356997
801110523
807550589
272097092
154993034
849800415
944418789
771225460
994409195
395701787
186566953
466015047
612968337
776855041
475600258
220903793
2085759
170190824
884842832
901740851
835166227
499397033
677763148
928488791
245045926
618992755
951251235
781948765
678693156
55425336
669499918
944703416
421284719
388416595
271038609
362321535
425372582
174846608
792109500
791185658
982085656
797553472
517974146
772531252
878457852
397836188
975110594
714709140
852273392
117325103
540966765
939729058
972845884
905828290
748848548
184422750
723017113
611293016
713714687
953161306
607499272
981909679
49526172
828303893
913730995
852837124
939191848
499365787
783671761
949552076
328488049
27510890
934381684
529210622
194896230
29579956
260340287
575485533
889450398
347467865
622890783
239539662
301384049
384962864
575834933
811757245
296983396
513373777
146317296
860631347
78678417
495972637
712682650
671544864
226801001
128105877
348269201
839838530
595161571
590040223
581136024
700466980
589636056
983155880
257352336
58308866
45323231
599289241
314272417
735758814
887356279
901974651
321861530
84079833
290153938
71216291
436476855
381134837
980092900
198438441
607313554
829183239
250840080
160197185
831719022
114268831
393932917
697995188
917116804
402388763
194536956
671162453
186423375
891673096
144640126
100983693
629697778
519476880
627703796
407719795
786906782
589485219
907569376
446375325
644980594
573598959
698816539
543578110
509578652
901495060
839976162
792000307
353099475
30179578
644306078
205047070
155149448
774904216
628378578
200102348
115066296
151840256
224707083
391123506
923113047
244577473
872565043
756955740
15694862
146183183
131220830
406115762
673465371
714614988
921655955
739707703
586921916
653483109
472754148
12394168
693357895
422746541
23617969
940760338
974880592
367989201
311924278
830098958
315727357
773580781
936047731
139892575
695473256
889119553
223352454
614851268
768253652
771980041
400680922
601255346
495711796
214398780
113984179
248773536
636921957
364142370
476507813
77148994
587208904
879673886
692430480
38996421
326797106
812068964
2015504
449417577
145151107
504760011
692163358
621201709
719666501
440856845
757009100
261858893
735422963
473242662
593357546
40620362
719413348
92974800
207143482
85520232
907097249
252893257
81332462
438078708
677744621
687942531
936746100
560316898
640392879
876710824
285332096
580152453
801599164
455564848
651152239
855937031
70621294
933306279
1051253
581520371
442698515
644950549
216813870
24088825
788190053
337906493
485752101
741006975
888753878
846572513
896545342
110638003
279766029
934034637
214286700
601780773
862324224
633314769
399689913
342685648
651740883
890120442
184042575
230444977
660648877
561243131
294469555
47190582
862981093
987234250
794606248
178843406
851788552
820768694
21076439
213381154
734251447
470013881
514867699
895343802
446059935
855424203
326087733
661047613
355561506
179074272
585357155
557947780
155871983
63494036
879004973
70761641
491891935
288270057
988322422
126185139
304566067
211338669
345776474
427448617
756623211
986435410
518541891
164767927
451349108
110226525
547907597
620003328
313019789
35167142
708075540
718123591
551621232
981854539
148479365
508766171
54040803
627354554
913428444
924449135
738444755
272024050
34156749
9571452
907955459
440208057
808369510
863038736
752883654
579248689
675113883
329598681
324178829
506235240
892542761
627322076
901321115
705147052
125693290
60679136
952128855
417159466
829162942
270756285
538338288
313111163
92635458
957646116
206145604
485121298
246062901
657241999
413501925
560091582
52537943
743936121
292893574
113346758
713506354
487740511
708285023
68561277
878437504
647375650
274361930
673103217
317999564
261032183
278971643
51415124
451923676
242205864
105925720
37707033
149530108
139090793
515446365
156023218
347882981
160991339
944908632
194161938
865806742
323108561
821647629
581160057
656955006
82805676
404705150
188107575
865686369
220710241
787145736
954813340
639952893
685271042
462569113
899549761
300234176
438109730
155903382
806722961
681685127
151951088
840397938
228033750
340488653
92934357
953276838
988338663
155406054
460534314
785041342
89920686
696051319
474264137
387329760
581315451
263630808
95085346
995415480
753896475
756286682
158362999
249041615
398548287
470214119
622063436
753163245
152236547
618454799
531264614
849529342
839746792
994364189
603372018
263795174
488395700
399911848
802890189
960005608
553445325
446515757
952172646
175951929
187708658
970840423
570555492
157401855
229855753
428679403
984908510
301073155
82296203
245416798
909297368
518552504
42830412
362894246
809930213
103952736
207760337
166085023
691298220
497328603
777158957
149122648
446235717
24452770
989238590
163513852
844719517
430122063
407160931
277074615
974508509
186078452
267981146
73657850
312096727
103781384
387821867
842986511
107758376
297922621
69199147
740762561
20353668
108837134
38739025
460146288
852793825
529993307
236932790
994847786
52878180
574168901
578228166
863210628
164403958
107038723
234155909
465781635
346756306
707050902
295191665
962241038
416472003
164539295
406290789
731083894
963296526
848817054
921057906
610357151
775297288
877543496
520082791
887245942
216530784
881831468
246277127
490977887
159985960
60959133
372701370
958982438
345850103
207862525
238285072
923215257
985748520
624776173
150351447
715241065
568169721
811367066
801688561
425296095
539425530
674975957
906565862
12934469
614871728
738381752
931122380
752226433
40976531
71223355
1027519
925920978
285368241
68283328
783004418
296246748
892744015
452608592
538860997
935226317
340779705
231283749
782334748
552452722
453087285
90083130
411624331
133216262
687673301
548084795
164530497
267368157
45690514
292811544
97077495
655918814
987009560
335631487
977273002
471992549
76016554
102069522
653587651
693275065
901526569
190464083
779334047
662781176
787238821
373889453
443253226
268052758
126726785
824487298
78639722
878581306
814036503
614344508
694549145
196732421
123206004
647318614
846738441
42771747
953176006
980266651
852545444
871509992
837013754
993897151
148520716
96210431
569621392
362688861
768411548
43546707
907518988
179392672
803790572
247350331
832508726
777353932
892895990
439338871
119542585
5833745
306528386
702942982
559624873
10704522
180493520
434605690
233092364
620349520
719388496
677798728
488579597
939950251
804724767
862018900
538323254
64426962
758865751
561362261
441011715
644232126
329971079
171588229
261354635
39634177
844208994
286310970
544241775
969813917
510566227
526927169
223839920
176840051
711646239
640038294
835635845
730813031
890651081
970372395
20547395
284785089
471931377
434702933
707523474
580169862
427434926
822602447
858950495
390538913
930250094
110948996
69141672
357028475
224343837
299982548
255612511
403808677
48287121
875828619
428282516
43164658
375422781
318872606
205033276
556097787
464003212
812853316
875457434
231520758
358681155
125523662
7407952
2125745
601286988
455026822
837192027
253483112
683850738
121826603
384509323
565249824
420574790
581029771
117521685
18746596
342690428
78319975
246645770
184601291
721235987
760762403
775979478
239792317
432168287
449658286
317478635
488452447
49073268
403420401
425123232
411021293
401710464
190237253
938293252
777609621
986919188
600265757
993948798
843728529
572751540
482920077
260069457
925453014
590079777
602088975
398243649
109738702
606623710
269601161
250778302
123119775
330524995
207547346
100593613
721739118
461909094
87372629
674216150
933724219
116741743
1651722
407878457
238951034
904668004
456341151
775776487
634242913
232812655
216390861
87420139
550744228
216915076
346582190
155352689
15490118
287135841
958331517
630312045
892059825
416755311
979624420
760030753
452294463
421934058
371389021
309671142
439742147
821565148
163705245
715596032
876339766
995164904
97760357
687613651
189035277
293565140
552508058
664487223
443770797
12829478
376946649
779061545
305440815
210857539
726079683
19630537
666991557
165309904
921130973
803595882
788212372
321876784
86337745
832490852
443253226
344028664
970115229
354975217
51265689
396075495
177719934
530629896
749937082
865604625
560265257
146533658
844771664
202672056
524555691
46829258
82595630
478986767
543099960
191866749
550903526
963291366
400246401
397245723
934207350
776840309
939098042
933739078
343895572
793226609
98191124
105161115
252117549
60956183
453310262
741878254
703050021
259629661
753359595
899410144
285542542
878410711
757013714
87100947
196790848
397907381
902811004
733512490
210133289
25625968
139168003
647317172
1894336
820705378
209925578
919248901
442207059
627082570
573038616
101626633
813974900
551761276
531524244
144259553
644140550
959860082
940563588
629669321
308410775
114725406
811847349
914830543
414132773
942907884
544239912
778454567
481350141
629284944
355393697
985158395
124091763
824178530
66601738
368819510
150452029
121868558
461962571
614491495
771419416
21453813
82522473
635741377
292274870
516312714
770929468
914930554
671544864
520119352
538306174
126593409
483524887
691885120
144096104
932129208
449157082
582961290
86332294
356601381
860690616
848045719
248853029
882781235
521071228
155784820
183962390
238951034
69602461
701410882
725942149
433923918
672704306
738132755
906843063
551004837
117593907
726454588
267978265
478927682
370712057
399483913
970156164
821673632
604607651
871834281
426118898
335857304
659950725
639854713
564167760
526004170
876339766
562700305
110707514
193185645
236590015
525243766
822581882
669820474
872991208
108408966
117825407
524719761
711060483
384104719
627279046
243088461
283051507
490258385
42240357
128733855
306439926
938889726
93159021
108604620
16134917
470156360
44582841
930468787
898458027
423199797
740488822
973733807
92237138
642823354
922475094
631572376
808083655
736041541
777644977
90907647
587957606
370570515
544016132
803130390
889569548
602727550
300040829
179126746
787404127
241909649
708080117
591237060
712279234
683759752
44777819
493467539
339450985
141589930
84064119
33166672
73309306
465762646
513090256
325087247
110840480
757332112
493304664
871693487
456625020
319565404
798758764
241199426
17719518
45164736
556791104
178796902
275191837
701225041
680614984
95141484
971730326
900931154
378595243
287662737
342650724
648119850
435718982
36404736
519846460
500486483
493029210
507254616
560417108
401626509
76956903
387625223
370891689
62853803
323773644
251189318
763156905
386739669
216094258
466070751
814502697
371629241
258864866
808239850
403920291
308766030
403543951
389426566
691125778
584397167
122089018
450805718
452713792
997676442
523209595
582711204
97059461
227712306
344017839
993772504
944210718
856482551
826700757
949562759
646639692
270397078
832042232
651538092
981437246
550890733
421422953
926343749
816373199
479882585
995798190
15457561
538624555
140203196
446926134
371178165
15988134
551286631
453673451
687626764
725295623
489517528
488815948
784313369
269490350
232926421
946898500
369712574
168119343
133450156
863711031
893143195
494039503
923879808
362642828
59198129
478955987
704755999
621609390
628938878
237691854
26518323
930386695
824530397
995316174
478174946
972968608
183402130
819003327
50925767
49073268
40941235
857769225
178160768
93406593
289918360
902584839
867233494
355332444
301133513
315820234
339246033
927095986
230357759
979825915
495324175
774805435
64294782
201869065
102754858
937297153
563180625
261364511
14059888
478335689
623114597
932522864
239834089
17156524
180650779
939452706
906452903
956568275
626726430
787516271
68829160
708595225
355527447
410868234
606695935
988540566
73119534
247734001
494000401
609177622
351784744
609357025
888149588
488345791
254456886
185481417
195080874
778723854
478043228
454752156
191401263
494878882
311121363
844902504
91269812
205503943
595797023
911223845
868465734
233287355
611040839
162349556
82681624
644320964
528954186
914502810
997749919
940973817
423984005
931804037
189244933
326213789
389148168
933475527
566974553
252476058
338100468
257422433
209789288
285391760
543099960
670905059
606410179
302759794
799246638
609485691
488708573
100738648
131202119
138184662
725116465
883752812
638728817
702791763
480319285
659860495
471115193
415529676
329876236
979119067
607308186
818109177
3418974
559309707
660783646
610306752
13400332
425779828
449234465
602029479
583184474
387787465
80679200
899714635
141388014
137004956
319834511
280415688
850252504
293679552
121314693
252687437
440834437
918602143
45122867
705966351
443623227
118180997
427762437
338598909
110936222
667151367
951610508
521359702
621589167
854532350
329290152
208297856
326294128
273939577
536100410
866964696
953339996
901651331
11998098
725664184
717170531
376910676
298332843
948842059
128558134
603987212
823750533
602103468
804471579
418895893
34626686
94049033
709854748
60068543
331930950
304876438
535533968
37193387
818886483
261351026
739465183
49911819
970514269
470658632
664599350
441957494
572128456
851525157
975457802
227688270
836820301
406626839
563096839
297680074
851342742
491489115
726655268
310916988
943738941
600623617
444772589
441982624
1920020
923879808
727673582
464373457
361505104
388156443
724241209
125618075
957383942
8458567
170580295
157612488
415210432
654940656
415013689
331241225
575138207
431466736
509161120
29742731
735912729
863660657
811370603
209246121
304348913
307544665
93280994
568737531
965026952
475660514
412998091
208111306
597051784
478130581
654492074
859452453
686409033
20369404
398490864
609863417
41177898
426715018
741901930
828648943
473278699
717023359
891351465
806334280
382410706
260581765
946002604
69741474
62214917
65932960
813453305
800077466
325840261
940219066
257411691
996499947
419978824
330931681
758005696
18446916
534134667
288171454
718585511
821674674
112171126
779526717
809494571
996365261
186188673
803621080
965480469
9600734
695378001
410871973
138551938
682445585
366514183
308198893
376667580
775308190
935189351
168647214
654758717
528360654
784254606
543274707
138819123
334241170
488232601
334111098
911608391
622556646
396263745
94383109
937038326
155283009
281828658
872426393
512171964
806647490
789594653
647429801
837047280
52842530
363267978
193754136
713530935
118564824
840812458
304145135
661788899
654663662
116637002
375507168
402105155
977755889
829759915
843102861
352599602
414846487
187580980
155133918
432096854
901149731
611451416
760708009
26310823
914996044
628081624
325776835
885920237
505898228
473723474
289246160
662200829
440682519
310500621
934861940
136553089
19178701
942416747
88856234
737778302
958767621
302425743
595775564
525524494
620370388
89368780
654480149
271063973
929790654
857566043
593433865
546357175
819339391
649116774
111040701
153110918
500615246
474579936
416424198
186427846
443772087
412294651
73996997
402817627
566997206
676846420
139156434
476763692
288392079
353819562
637092705
608204481
556351960
956139937
32076132
550761978
193045466
590899084
132108657
309602288
577574105
100114727
490816931
928806692
750799179
662743777
948704290
124719701
152192032
272627374
632270073
71683443
293336200
266442947
433012693
515041038
546811342
987779187
343898167
530076018
425231836
867893883
456357102
722603816
323744866
261440295
467020504
705879389
775809541
635387742
780239556
308148713
785545763
112561339
496239619
178931163
250304811
950640953
957390164
648265957
18575570
745644474
479948446
821629929
162937991
732044559
511726264
461340071
82482453
254365325
445190005
895370227
933683453
197211267
816078709
857058716
534439499
626021693
30340254
715287444
346858808
27712166
398173615
479472018
198069737
351490435
813379378
254425120
356901431
412846398
249653770
279600965
737359916
481916365
715163679
528741305
998371699
231824366
799330962
508944102
770647124
923849550
864694582
135911485
708666931
716621405
611345436
343027175
49223918
672435357
85110323
650010660
782878280
71069994
174853163
812069218
799009929
406990511
941884957
43388994
142809125
742162086
359283831
453842099
350595875
516464386
14533430
129875901
12192273
658177100
349322005
246122583
144370532
334642149
246078272
327720729
313078074
94395319
403462019
427365532
151924464
996702038
150469016
568715256
145948946
778370498
879845309
722788294
468048183
71228092
662842435
204003922
31719976
93644917
434926059
292462255
937159353
781278402
374578889
800967971
405016112
72234811
940056986
654783485
308886490
692379453
177425887
562259604
145756257
641406696
953267438
693790711
137453900
447025975
673255594
427152804
42704918
228026770
333612370
475722752
638006156
603180445
571971638
903103768
946668648
282203709
113403376
813455005
769257723
855119878
120977127
629895558
181661270
600881131
465970158
637613620
819480264
60301586
193534520
40454120
356961783
116032703
825013694
462789623
602640926
625301614
53629494
955184270
98554945
573500387
891582715
219714051
490291425
709198302
583377165
639739164
639328933
421109921
931543853
708351993
158717873
912430452
924694879
348269201
892498281
609349603
323351046
306855391
195084315
392933333
595161571
879076415
765052258
544989430
575872088
53076090
345710965
472785457
581275463
109984231
478015946
996778441
427162648
109744247
87955958
586519899
716117102
145832256
445832822
294181560
181326437
176729595
650804419
37776273
865053136
689513810
449777602
541299048
590068934
255703196
381492105
682489544
206129708
33444911
506967777
365674289
679814427
293789128
449657919
977918467
577382555
720576882
875025291
420194130
6215370
9396711
573534941
116583309
840117604
817979856
311146112
888044217
259092060
54929077
222563292
46020327
117867747
910113216
466868624
201521077
336981457
758847834
928934610
83723843
523646983
322248735
304201942
8799700
228771216
199022876
438129627
104829292
852695112
634594077
939167891
513193673
911838715
369605826
748873200
513527803
303459587
324017678
96921102
785959185
847384697
64122719
647590908
284992872
811607915
297245536
829600850
303500987
78551772
507523609
893780432
728291323
665436820
181757807
77029419
531903250
951479108
747984424
349216146
758679358
734191540
238208329
298918745
315383557
796585298
895181004
864932095
735362995
685638346
797458023
501652988
636181905
211700123
254578636
921985829
808677687
999526063
860680712
733607119
318130903
806042812
180856326
458908690
493232078
776283303
720112845
159796892
929057722
15337078
175924142
407201792
263769644
638966869
585322900
421658705
828628810
31792432
520508107
937872547
563913083
240999392
939712309
581631355
359896571
447151837
25659681
165960237
728791115
483196615
952955904
163524429
97554238
22340634
840261641
996042588
164767927
728670751
770957758
881529339
628671832
959204603
532360878
620322663
37592163
674875580
78676794
799546117
358505523
622857396
217213823
860099099
717127155
665642705
889106766
605161183
995837417
792140669
138447478
542640370
525506449
110544511
318916273
412544673
427420780
430078730
180185095
981561255
15991640
613611060
830835550
248972012
450548247
186118962
730016441
380110762
71175986
814903674
404115097
845118160
979554787
756276144
619505753
247366860
38816299
85511989
802135502
903370540
120380015
375733117
382391121
744111702
869838008
513999739
21785301
606431971
490417475
483551399
653238852
282887924
423897871
485398799
601780773
175100563
942567998
436330808
809073560
71347069
270047691
921367235
362371464
219013493
161350238
860751043
924492047
971240763
497777002
337100208
551236211
968972176
753331280
553470492
670308851
543022770
248650448
653095937
964952416
671040159
619824288
931703357
959243745
466736635
380043103
374174655
685915832
614854611
283864515
792338761
282053896
928181090
66507733
48659391
350855817
602103468
956979852
431092144
466785696
778925274
482897276
897203207
938379097
636555602
836852582
705531939
828891872
113644660
109573759
463860364
277371222
497328603
703254806
885620656
169419275
95614779
146151719
690757180
808488991
607499272
3680600
327049260
925865013
642963516
48566837
933145352
459403237
498369207
908593489
48307504
768371519
377737238
37125986
867424047
559473645
103776435
818473814
745240037
858329410
205554195
711226133
167700955
600197253
796427052
839910658
941660324
476682844
727632634
237704186
573211501
823258811
172126076
554134255
175390841
626409577
47221857
533328437
513492313
410532975
498292066
180836270
555323393
153251147
404191621
44368038
635461005
186607806
972584585
647868296
562738014
471060039
322166932
946219751
644139344
545594187
864478218
698518572
390171973
776465592
303064014
461120249
946630903
990740929
814669533
619909224
49184380
734214071
752673057
747648610
329624073
29868359
153313456
303927654
738624857
656412386
825073409
811948316
867029714
844100361
59076474
149100137
716582527
292510147
356323223
920706420
995667958
749547902
874214114
42097986
695216936
989109253
68183226
425123232
9504653
43419847
232389639
917416852
718505228
820002351
416361448
524160043
229338052
918753649
988453040
715085625
851524629
745367755
944977756
290699255
19715263
522589556
276664892
964762205
924007318
151095865
580169862
806521282
533669811
831264607
239272634
136689466
875332590
935608824
720007247
938828005
930918836
828479725
351783998
145729584
442321933
402396158
90435207
940292369
197952426
408829449
115580399
485310794
168700188
219025225
348280057
998601555
566185604
336075447
192930230
949331915
647292210
661248726
665211685
593288711
17439071
937603955
381162279
130328808
569329680
502775235
932567017
550953471
774610699
513561000
743212941
703292851
940973817
138754662
524469757
381723788
261213198
671072186
259407734
257050066
815323490
485209539
775766549
897111038
298874890
355885580
183228760
63420818
396841681
118215090
38098201
756352969
259720190
151786867
473056504
475896634
971285582
61009847
177953525
191088781
42203426
762389484
706502242
531893842
916390359
33209480
713984657
173612818
371075322
516150049
285476777
214870713
343027815
696758865
5687866
91693777
256210720
143807897
825561510
955061700
976683237
968669175
226246427
471783877
967450479
257887004
275448745
544975913
954690648
600889678
295210657
99494502
620785915
700623640
13974209
334137206
31405911
601683214
4465229
813494181
168871120
19914274
453176365
157870907
772459945
610808281
147121857
675496809
887490675
553879163
409903112
812057486
804537591
768757568
831896424
459562972
962522292
39492644
805199241
884055264
881441277
177402022
877737854
287367872
443562838
419544315
155013599
741503396
550878807
535570387
648885441
222034037
278905690
274477762
168489626
198042767
338086519
914754139
270708253
320507730
625283868
435852727
390824255
961156160
690589051
562256368
524391732
163475178
244419879
294948067
451282849
775009880
698839264
147245795
14889270
995224756
430128953
545863199
70496313
535720728
308198893
17295833
699319513
513910633
621063248
436227036
179045228
353001963
26758949
19983375
671001495
455607973
272680489
163409408
762814060
631189959
334230130
380514288
336256263
372670797
247302627
672360445
4154748
249212199
984069174
634020253
157478746
705863278
804712962
809711637
753763469
776725655
215878584
121435830
103127418
777029437
830129504
962297155
898604790
922703286
172636337
513545762
467458749
977891212
397600307
67477491
411983298
786150929
402928091
665294388
254236914
544300582
572605633
443571851
133347893
455893704
511312653
76452885
63535078
851212425
629526990
309671142
110054724
909371308
824502965
562181819
985685787
208922208
811248597
94497147
990590026
69199147
938702835
731341204
869591441
944425850
24308400
61248867
7035792
93238756
112783658
747077220
356399064
936101542
31592888
155810777
304252974
12142058
740639869
398180141
54749184
632766024
403402446
140537825
442060697
274013116
957722715
400134398
915463901
715788416
837916211
667733875
249583970
3729834
587709645
233342857
489049703
891107780
411374726
531507943
253923727
607794532
701044072
777415587
872493033
511881874
999593886
919935019
983809373
883110072
3341038
140226662
101905705
909035162
266252792
161692505
209116184
413798360
33145800
520125610
462673176
237925387
554036542
661717601
888109079
684534901
486207669
607493752
645212555
435624779
215384434
868364446
105606677
934103849
866110341
164318542
140481023
947623216
820123098
239508037
926971493
502369103
328456151
480647189
349166496
528920318
391620413
860531775
360252327
726837825
500585158
788993338
392518350
997135977
829724928
141160997
433136654
566114675
142896533
204052628
763197062
140456724
75575191
845077374
269070685
760172144
839577709
83598571
239925399
34303019
496637779
385021277
830543245
127344351
979154293
12658053
863567078
598659501
319057350
635879222
481414447
977796542
305221976
569158824
385738769
277368529
41978060
402881382
15088188
267978265
310515141
637778423
520986483
118988259
16369531
805652864
111398850
347207193
807709928
432962491
605892050
887601173
70932413
185107951
715325132
903894561
229033735
745740040
41352091
175454496
673172923
761602945
805500933
847589692
544613768
979548467
31291570
791543624
59520006
59962028
979431721
931578215
519166220
295043772
118246644
490648394
505116982
486482680
473977481
87087660
925234976
389925741
586043911
576164486
56669295
68414093
601318408
696334687
837070681
38627126
571369351
179565260
112610214
466792723
450436510
851362107
171865071
465830302
333178192
8771779
607499272
304422594
197140083
535705404
894435058
724544332
826761539
275659632
313019789
771123940
904100423
500194727
917120422
601488402
420877911
935438558
279916509
665130719
490494130
312379604
26440178
625128255
163402589
441312993
200679084
864919018
63522346
479887585
644247653
687658676
513830423
756787382
252229494
872359284
222969791
188336144
853679173
906376401
683627965
366444328
475992681
499472180
88963298
634366863
756571691
657512711
188870474
596121924
140060077
546894722
576129480
19843791
135617254
20634469
278501754
129751307
804284699
730551043
322303945
619314798
771405151
283929933
468227635
929983609
2932149
936155465
292170703
9499512
957070588
297578786
65764892
303799729
454387931
638876330
431590541
761570976
126368233
681758033
113527503
366929156
355665303
222065017
244646843
86723922
538106889
948392798
158906760
458374924
506553228
495100146
383941197
693537604
369495306
600717270
567562721
678114976
942332146
525428279
690654860
575467858
227062436
925558000
847910752
879918696
229679233
710299945
898905165
833147362
295475746
39899759
926816171
36918165
514985567
318828347
55707242
955944060
418081627
939098042
880592868
112176779
790681998
112869243
957238422
586133824
339156593
198768336
561736074
281853092
778654896
943567429
472296367
216044240
953387893
683705043
144944859
427275561
559860612
240369525
615606561
811948316
96261197
290395145
402313512
538133713
412424989
92178221
555870575
549248900
968471688
36781167
863911086
507659363
203132238
13066188
379943537
238789657
168081504
536958296
137563794
15546245
73436112
158951979
334051546
474402173
486953209
552662016
755372245
601964409
352031149
351771299
945639198
105479721
126541670
228135209
239085181
628418809
74505348
783541832
217802183
695730737
11740452
620451970
413602989
885481609
295066957
765102075
728670751
295435274
513811590
96109917
893187035
974602204
873363070
319979876
92814195
568093681
761444495
895452152
381810674
143621569
36175795
156788122
447576712
602956336
511393467
772142170
816450558
174048350
111091065
988727136
520658808
353169554
698378880
672834895
385692873
34381696
986444649
521846693
531683832
364893504
406218161
101057414
675737843
937109601
783546987
213978505
900158651
253037472
355560921
218406033
97713166
777938172
996373416
267649640
718922016
603094655
556397939
247851577
384019121
731698481
176405269
748037964
187226986
228202095
143630721
853153829
981392528
796279154
763841669
418552173
177252301
